// Jest Snapshot v1, https://goo.gl/fbAQLP

exports[`generateLinkedList should generate linked list from values 2 1`] = `
{
  "next": {
    "next": {
      "next": {
        "next": null,
        "value": null,
      },
      "value": {
        "fruit": "cherry",
        "id": 3,
      },
    },
    "value": {
      "fruit": "banana",
      "id": 2,
    },
  },
  "value": {
    "fruit": "apple",
    "id": 1,
  },
}
`;
